***** External Functions *****
1    AddFontRegistrationToLog                           isrt.obl(Misc.obs)
2    AppSearch                                          isrt.obl(Driver.obs)
3    CCPSearch                                          isrt.obl(Driver.obs)
4    ChangeDirectory                                    isrt.obl(Files.obs)
5    CloseFile                                          isrt.obl(Files.obs)
6    CmdGetHwndDlg                                      isrt.obl(CustomDialog.obs)
7    ComponentAddFileToLog                              isrt.obl(component.obs)
8    ComponentCompareSizeRequired                       isrt.obl(component.obs)
9    ComponentGetData                                   isrt.obl(component.obs)
10   ComponentGetTotalCost                              isrt.obl(component.obs)
11   ComponentIsItemSelected                            isrt.obl(component.obs)
12   ComponentListItems                                 isrt.obl(component.obs)
13   ComponentSelectItem                                isrt.obl(component.obs)
14   ComponentTreeInit                                  isrt.obl(Dialogs.obs)
15   CreateDir                                          isrt.obl(Files.obs)
16   CreateFile                                         isrt.obl(Files.obs)
17   CreateInstallationInfo                             isrt.obl(Registry.obs)
18   CreateRegistrySet                                  isrt.obl(Feature.obs)
19   CtrlGetDlgItem                                     isrt.obl(CustomDialog.obs)
20   CtrlGetNotificationCode                            isrt.obl(CustomDialog.obs)
21   CtrlGetState                                       isrt.obl(CustomDialog.obs)
22   CtrlGetText                                        isrt.obl(CustomDialog.obs)
23   CtrlSelectText                                     isrt.obl(CustomDialog.obs)
24   CtrlSetState                                       isrt.obl(CustomDialog.obs)
25   CtrlSetText                                        isrt.obl(CustomDialog.obs)
26   DIFxDriverPackageUninstall                         isrt.obl(ISDIFx.obs)
27   DRMINSTALLERPRO.DRMInstallPRO                      isrt.obl(Activation.obs)
28   DRMINSTALLERPRO.DRMUnInstallPRO                    isrt.obl(Activation.obs)
29   DefineDialog                                       isrt.obl(CustomDialog.obs)
30   Delay                                              isrt.obl(Misc.obs)
31   DeleteFile                                         isrt.obl(Files.obs)
32   DeleteSingleFile                                   isrt.obl(Files.obs)
33   DialogSetDefaultFont                               isrt.obl(Dialogs.obs)
34   DialogSetFont                                      isrt.obl(Dialogs.obs)
35   DialogSetInfo                                      isrt.obl(Dialogs.obs)
36   Disable                                            isrt.obl(Enable.obs)
37   DllSizeOf                                          isrt.obl(Str.obs)
38   Do                                                 isrt.obl(Misc.obs)
39   Enable                                             isrt.obl(Enable.obs)
40   EndCurrentDialog                                   isrt.obl(Dialogs.obs)
41   EndDialog                                          isrt.obl(CustomDialog.obs)
42   EnterDisk                                          isrt.obl(ISRTScriptDialogs.obs)
43   EnterDiskError                                     isrt.obl(ISRTScriptDialogs.obs)
44   EnterPassword                                      isrt.obl(ISRTScriptDialogs.obs)
45   ExistsDir                                          isrt.obl(Files.obs)
46   ExistsDisk                                         isrt.obl(Files.obs)
47   ExitInstall                                        isrt.obl(Driver.obs)
48   EzDefineDialog                                     isrt.obl(CustomDialog.obs)
49   FeatureAddFileToLog                                isrt.obl(Feature.obs)
50   FeatureCompareSizeRequired                         isrt.obl(Feature.obs)
51   FeatureConfigureFeaturesFromSuite                  isrt.obl(Feature.obs)
52   FeatureErrorInfo                                   isrt.obl(Feature.obs)
53   FeatureFilterLanguage                              isrt.obl(Feature.obs)
54   FeatureFilterOS                                    isrt.obl(Feature.obs)
55   FeatureGetData                                     isrt.obl(Feature.obs)
56   FeatureGetTotalCost                                isrt.obl(Feature.obs)
57   FeatureIsItemSelected                              isrt.obl(Feature.obs)
58   FeatureListItems                                   isrt.obl(Feature.obs)
59   FeaturePatch                                       isrt.obl(Feature.obs)
60   FeatureReinstall                                   isrt.obl(Feature.obs)
61   FeatureRemoveAllInLogOnly                          isrt.obl(Feature.obs)
62   FeatureRemoveAllInMedia                            isrt.obl(Feature.obs)
63   FeatureRemoveAllInMediaAndLog                      isrt.obl(Feature.obs)
64   FeatureSaveTarget                                  isrt.obl(Feature.obs)
65   FeatureSelectItem                                  isrt.obl(Feature.obs)
66   FeatureSelectNew                                   isrt.obl(Feature.obs)
67   FeatureSetTarget                                   isrt.obl(Feature.obs)
68   FeatureTransferData                                isrt.obl(Feature.obs)
69   FeatureUpdate                                      isrt.obl(Feature.obs)
70   FeatureValidate                                    isrt.obl(Feature.obs)
71   FinalConstruct                                     ifx.obl(EventsPriv.obs)
72   FinalRelease                                       ifx.obl(EventsPriv.obs)
73   FindFile                                           isrt.obl(Files.obs)
74   FormatMessage                                      isrt.obl(Misc.obs)
75   GDI32.AddFontResource                              Setup.obs
76   GDI32.CreateRectRgn                                Setup.obs
77   GDI32.GetDeviceCaps                                Setup.obs
78   GDI32.RemoveFontResource                           Setup.obs
79   GetAddRemove                                       isrt.obl(SysVars.obs)
80   GetBillboard                                       isrt.obl(SysVars.obs)
81   GetCmdLine                                         isrt.obl(SysVars.obs)
82   GetCurrentDialogName                               isrt.obl(Dialogs.obs)
83   GetCurrentDir                                      isrt.obl(Files.obs)
84   GetDialogTitle                                     isrt.obl(Dialogs.obs)
85   GetDir                                             isrt.obl(Str.obs)
86   GetDisk                                            isrt.obl(Str.obs)
87   GetDiskSpace                                       isrt.obl(GSI.obs)
88   GetDiskSpaceEx                                     isrt.obl(GSI.obs)
89   GetEnabledIServices                                isrt.obl(SysVars.obs)
90   GetErrorMsg                                        isrt.obl(Dialogs.obs)
91   GetErrorTitle                                      isrt.obl(Dialogs.obs)
92   GetExtents                                         isrt.obl(GSI.obs)
93   GetFolderApplications                              isrt.obl(SysVars.obs)
94   GetFolderApplications64                            isrt.obl(SysVars.obs)
95   GetFolderDotNet10                                  isrt.obl(SysVars.obs)
96   GetFolderDotNet11                                  isrt.obl(SysVars.obs)
97   GetFolderDotNet20                                  isrt.obl(SysVars.obs)
98   GetFolderFonts                                     isrt.obl(SysVars.obs)
99   GetISRes                                           isrt.obl(SysVars.obs)
100  GetInstallScriptMSI                                isrt.obl(SysVars.obs)
101  GetInstanceGUID                                    isrt.obl(SysVars.obs)
102  GetKeyPathWinCurrVerAuto                           isrt.obl(SysVars.obs)
103  GetLocalAppDataFolder                              isrt.obl(SysVars.obs)
104  GetLog                                             isrt.obl(SysVars.obs)
105  GetLogEx                                           isrt.obl(SysVars.obs)
106  GetMaintOption                                     isrt.obl(SysVars.obs)
107  GetMaintenance                                     isrt.obl(SysVars.obs)
108  GetMultiInstanceCount                              isrt.obl(SysVars.obs)
109  GetOpenFileMode                                    isrt.obl(Files.obs)
110  GetPackageLocation                                 isrt.obl(SysVars.obs)
111  GetProductGUID                                     isrt.obl(SysVars.obs)
112  GetProfString                                      isrt.obl(Profile.obs)
113  GetProgramFiles                                    isrt.obl(SysVars.obs)
114  GetReinstallMode                                   isrt.obl(SysVars.obs)
115  GetRemoveAllMode                                   isrt.obl(SysVars.obs)
116  GetRemoveOnly                                      isrt.obl(SysVars.obs)
117  GetSelectedTreeComponent                           isrt.obl(CmptView.obs)
118  GetShowPasswordDialog                              isrt.obl(SysVars.obs)
119  GetStandardSelectedLanguage                        isrt.obl(SysVars.obs)
120  GetSuiteHosted                                     isrt.obl(SysVars.obs)
121  GetSupportDir                                      isrt.obl(SysVars.obs)
122  GetSystemInfo                                      isrt.obl(GSI.obs)
123  GetTempFolder                                      isrt.obl(SysVars.obs)
124  GetTrueTypeFontFileInfo                            isrt.obl(Misc.obs)
125  GetUserSelectableAuto                              isrt.obl(SysVars.obs)
126  GetWinDir                                          isrt.obl(SysVars.obs)
127  GetWinSysDir                                       isrt.obl(SysVars.obs)
128  GetWindowHandle                                    isrt.obl(Misc.obs)
129  HIWORD                                             isrt.obl(Misc.obs)
130  ISDeterminePlatform                                isrt.obl(OsInfo.obs)
131  ISMIF32.InstallStatusMIF                           isrt.obl(MIF.obs)
132  ISRT.ComponentViewSetInfoEx                        isrt.obl(Dialogs.obs)
133  ISRT.EnableHourGlass                               isrt.obl(Enable.obs)
134  ISRT.GetCPUType                                    isrt.obl(GSI.obs)
135  ISRT.GetFontSub                                    isrt.obl(Dialogs.obs)
136  ISRT.GetHandle                                     Setup.obs
137  ISRT.GetPorts                                      isrt.obl(GSI.obs)
138  ISRT.IsEmpty                                       Setup.obs
139  ISRT.IsNTAdmin                                     isrt.obl(Is.obs)
140  ISRT.IsObject                                      Setup.obs
141  ISRT.IsPowerUser                                   isrt.obl(Is.obs)
142  ISRT.LangLoadString                                isrt.obl(SDINT.obs)
143  ISRT.MessageBeepP                                  Setup.obs
144  ISRT.PathGetDir                                    isrt.obl(Str.obs)
145  ISRT.PathGetDrive                                  isrt.obl(Str.obs)
146  ISRT.PathGetFile                                   isrt.obl(Files.obs)
147  ISRT.PathGetFileExt                                isrt.obl(Str.obs)
148  ISRT.PathGetFileName                               isrt.obl(Str.obs)
149  ISRT.PathGetPath                                   isrt.obl(Str.obs)
150  ISRT.PathIsValidSyntax                             isrt.obl(Is.obs)
151  ISRT.VerGetFileVersion                             Setup.obs
152  ISRT._AppSearch                                    Setup.obs
153  ISRT._BrowseForFolder                              isrt.obl(ISRTScriptDialogsPriv.obs)
154  ISRT._CCPSearch                                    Setup.obs
155  ISRT._CleanupInet                                  isrt.obl(MIO.obs)
156  ISRT._CloseFile                                    isrt.obl(Files.obs)
157  ISRT._CmdGetHwndDlg                                isrt.obl(CustomDialog.obs)
158  ISRT._CompareDWORD                                 isrt.obl(Extend.obs)
159  ISRT._ComponentCompareSizeRequired                 isrt.obl(Feature.obs)
160  ISRT._ComponentErrorInfo                           isrt.obl(Feature.obs)
161  ISRT._ComponentFilterLanguage                      isrt.obl(Feature.obs)
162  ISRT._ComponentFilterOS                            isrt.obl(Feature.obs)
163  ISRT._ComponentGetData                             isrt.obl(Feature.obs)
164  ISRT._ComponentGetTotalCost                        isrt.obl(Feature.obs)
165  ISRT._ComponentGetTotalCostEx                      Setup.obs
166  ISRT._ComponentIsItemSelected                      isrt.obl(Feature.obs)
167  ISRT._ComponentListItems                           isrt.obl(Feature.obs)
168  ISRT._ComponentPatch                               isrt.obl(Feature.obs)
169  ISRT._ComponentReinstall                           isrt.obl(Feature.obs)
170  ISRT._ComponentRemoveAll                           isrt.obl(Feature.obs)
171  ISRT._ComponentRemoveAllInLogOnly                  isrt.obl(Feature.obs)
172  ISRT._ComponentSaveTarget                          isrt.obl(Feature.obs)
173  ISRT._ComponentSelectItem                          isrt.obl(Feature.obs)
174  ISRT._ComponentSelectNew                           isrt.obl(Feature.obs)
175  ISRT._ComponentTransferData                        isrt.obl(Feature.obs)
176  ISRT._ComponentUpdate                              isrt.obl(Feature.obs)
177  ISRT._ComponentValidate                            isrt.obl(Feature.obs)
178  ISRT._CreateDir                                    isrt.obl(Files.obs)
179  ISRT._CreateRegistrySet                            isrt.obl(Feature.obs)
180  ISRT._CtrlGetNotificationCode                      isrt.obl(CustomDialog.obs)
181  ISRT._CtrlSetHtmlContent                           isrt.obl(CustomDialog.obs)
182  ISRT._DIFxDriverPackageUninstall                   isrt.obl(ISDIFx.obs)
183  ISRT._DefineDialog                                 isrt.obl(CustomDialog.obs)
184  ISRT._DialogSetFont                                isrt.obl(Dialogs.obs)
185  ISRT._DisableStatus                                isrt.obl(Enable.obs)
186  ISRT._DoSprintf                                    isrt.obl(ISRTScriptDialogsPriv.obs)
187  ISRT._EnableDialogCache                            isrt.obl(Enable.obs)
188  ISRT._EnablePrevDialog                             Setup.obs
189  ISRT._EnableSkins                                  isrt.obl(Enable.obs)
190  ISRT._EnableStatus                                 isrt.obl(Enable.obs)
191  ISRT._EnableWow64FsRedirection                     isrt.obl(Enable.obs)
192  ISRT._EndDialog                                    isrt.obl(CustomDialog.obs)
193  ISRT._ExistsDir                                    isrt.obl(Files.obs)
194  ISRT._ExistsDisk                                   isrt.obl(Files.obs)
195  ISRT._ExistsFile                                   isrt.obl(Files.obs)
196  ISRT._ExitInstall                                  Setup.obs
197  ISRT._GetCurrentDialogName                         isrt.obl(Dialogs.obs)
198  ISRT._GetDiskSpaceEx                               isrt.obl(GSI.obs)
199  ISRT._GetDiskSpaceExEx                             Setup.obs
200  ISRT._GetGlobalFlags                               ifx.obl(EventsPriv.obs)
201  ISRT._GetGlobalMemorySize                          isrt.obl(GSI.obs)
202  ISRT._GetProcessorInfo                             isrt.obl(OsInfo.obs)
203  ISRT._GetSelectedTreeComponent                     isrt.obl(CmptView.obs)
204  ISRT._GetStandardLangId                            isrt.obl(Misc.obs)
205  ISRT._GetSupportDir                                isrt.obl(SysVars.obs)
206  ISRT._GetSystemDpi                                 isrt.obl(GSI.obs)
207  ISRT._GetTrueTypeFontFileInfo                      isrt.obl(Misc.obs)
208  ISRT._GetVirtualMachineType                        isrt.obl(GSI.obs)
209  ISRT._InetEndofTransfer                            isrt.obl(iftw.obs)
210  ISRT._InetGetNextDisk                              isrt.obl(iftw.obs)
211  ISRT._InitInstall                                  Setup.obs
212  ISRT._IsFontTypefaceNameAvailable                  isrt.obl(Is.obs)
213  ISRT._IsInAdminGroup                               isrt.obl(Is.obs)
214  ISRT._IsLangSupported                              isrt.obl(Is.obs)
215  ISRT._IsSkinLoaded                                 isrt.obl(Is.obs)
216  ISRT._IsVirtualMachine                             isrt.obl(OsInfo.obs)
217  ISRT._IsWindowsME                                  isrt.obl(GSI.obs)
218  ISRT._IsWow64                                      isrt.obl(OsInfo.obs)
219  ISRT._ListAddItem                                  isrt.obl(scrlist.obs)
220  ISRT._ListAddString                                isrt.obl(scrlist.obs)
221  ISRT._ListCount                                    isrt.obl(scrlist.obs)
222  ISRT._ListCreate                                   isrt.obl(scrlist.obs)
223  ISRT._ListCurrentString                            isrt.obl(scrlist.obs)
224  ISRT._ListDeleteItem                               isrt.obl(scrlist.obs)
225  ISRT._ListDeleteString                             isrt.obl(scrlist.obs)
226  ISRT._ListDestroy                                  isrt.obl(scrlist.obs)
227  ISRT._ListFindString                               isrt.obl(scrlist.obs)
228  ISRT._ListGetFirstItem                             isrt.obl(scrlist.obs)
229  ISRT._ListGetFirstString                           isrt.obl(scrlist.obs)
230  ISRT._ListGetNextItem                              isrt.obl(scrlist.obs)
231  ISRT._ListGetNextString                            isrt.obl(scrlist.obs)
232  ISRT._ListGetType                                  isrt.obl(scrlist.obs)
233  ISRT._ListSetIndex                                 isrt.obl(scrlist.obs)
234  ISRT._MediaGetFilteringInfo                        isrt.obl(Feature.obs)
235  ISRT._MediaGetInfo                                 isrt.obl(Feature.obs)
236  ISRT._OnUninstPriv                                 Setup.obs
237  ISRT._OpenFile                                     isrt.obl(Files.obs)
238  ISRT._Preprogram                                   Setup.obs
239  ISRT._Rebooted                                     Setup.obs
240  ISRT._RegCreateKey                                 isrt.obl(Registry.obs)
241  ISRT._RegDeleteValue                               isrt.obl(Registry.obs)
242  ISRT._RegEnableTextSubs                            isrt.obl(Enable.obs)
243  ISRT._RegGetOptions                                isrt.obl(SysVars.obs)
244  ISRT._RegIsRemoteRegConnected                      isrt.obl(Is.obs)
245  ISRT._RegQueryKeyBinaryValue                       isrt.obl(Registry.obs)
246  ISRT._RegQueryKeyValue                             isrt.obl(Registry.obs)
247  ISRT._RegSetKeyBinaryValue                         isrt.obl(Registry.obs)
248  ISRT._RegSetKeyValue                               isrt.obl(Registry.obs)
249  ISRT._RegSetOptions                                isrt.obl(SysVars.obs)
250  ISRT._ReleaseDialog                                isrt.obl(CustomDialog.obs)
251  ISRT._SdShowMsg                                    isrt.obl(ISRTScriptDialogsPriv.obs)
252  ISRT._SetAltMainImage                              isrt.obl(Dialogs.obs)
253  ISRT._SetAltMainImageEx                            isrt.obl(Dialogs.obs)
254  ISRT._SetDisplayEffect                             isrt.obl(ui.obs)
255  ISRT._SetGlobalFlags                               ifx.obl(EventsPriv.obs)
256  ISRT._SetPaletteFile                               isrt.obl(MIO.obs)
257  ISRT._SetSilentSdShowMsg                           isrt.obl(Enable.obs)
258  ISRT._SetTitle                                     isrt.obl(ui.obs)
259  ISRT._SetupInet                                    isrt.obl(MIO.obs)
260  ISRT._SetupTraceWrite                              isrt.obl(Misc.obs)
261  ISRT._ShowObjWizardPages                           isrt.obl(Objects.obs)
262  ISRT._ShowWizardPages                              Setup.obs
263  ISRT._StatusUpdate                                 isrt.obl(ui.obs)
264  ISRT._TreeViewCreate                               isrt.obl(CmptView.obs)
265  ISRT._WaitOnDialog                                 isrt.obl(CustomDialog.obs)
266  ISRT._WriteLine                                    isrt.obl(Files.obs)
267  ISRT.__CreateObjectContext                         isrt.obl(ISRTInit.obs)
268  ISRT.__GetCmdLineOptions                           isrt.obl(ISRTInit.obs)
269  ISRT.__GetContextGUID                              isrt.obl(ISRTInit.obs)
270  ISRT.__GetEnabledIServices                         isrt.obl(SysVars.obs)
271  ISRT.__GetFileRegistrar                            isrt.obl(ISRTInit.obs)
272  ISRT.__GetInfo                                     isrt.obl(ISRTInit.obs)
273  ISRT.__GetInstallGuid                              isrt.obl(SysVars.obs)
274  ISRT.__GetLog                                      isrt.obl(SysVars.obs)
275  ISRT.__GetLogDB                                    isrt.obl(ISRTInit.obs)
276  ISRT.__GetLogEx                                    isrt.obl(SysVars.obs)
277  ISRT.__GetMainWindow                               Setup.obs
278  ISRT.__GetMaintOption                              isrt.obl(SysVars.obs)
279  ISRT.__GetMaintenanceMode                          isrt.obl(SysVars.obs)
280  ISRT.__GetObjects                                  isrt.obl(ISRTInit.obs)
281  ISRT.__GetProductGuid                              isrt.obl(SysVars.obs)
282  ISRT.__GetProgress                                 Setup.obs
283  ISRT.__GetReboot                                   isrt.obl(ISRTInit.obs)
284  ISRT.__GetReinstallMode                            isrt.obl(SysVars.obs)
285  ISRT.__GetRemoveAllMode                            isrt.obl(SysVars.obs)
286  ISRT.__GetTextSub                                  isrt.obl(ISRTInit.obs)
287  ISRT.__GetUpdateMode                               isrt.obl(SysVars.obs)
288  ISRT.__GetUser                                     isrt.obl(MIO.obs)
289  ISRT.__ISRTGetPropertyBag                          ifx.obl(PersistPropertyBag.obs)
290  ISRT.__ISRTReleasePropertyBag                      ifx.obl(PersistPropertyBag.obs)
291  ISRT.__LoadString                                  isrt.obl(LoadStr.obs)
292  ISRT.__PutEnabledIServices                         isrt.obl(Enable.obs)
293  ISRT.__ReleaseObjectContext                        isrt.obl(ISRTInit.obs)
294  ISRT.__RestoreMainLog                              isrt.obl(ISRTInit.obs)
295  ISRT.__RestoreMainLogEx                            isrt.obl(ISRTInit.obs)
296  ISRT.__SetComponentLog                             isrt.obl(ISRTInit.obs)
297  ISRT.__SetUpdateMode                               isrt.obl(SysVars.obs)
298  ISRTHandleScriptException                          isrt.obl(Misc.obs)
299  ISRTOnUninstPriv                                   isrt.obl(Driver.obs)
300  ISRTPreprogram                                     isrt.obl(Driver.obs)
301  IfxFilterComponents                                ifx.obl(EventsSetupPriv.obs)
302  IfxFinalConstruct                                  ifx.obl(EventsSetupPriv.obs)
303  IfxFinalRelease                                    ifx.obl(EventsSetupPriv.obs)
304  IfxInitProperties                                  ifx.obl(PersistPropertyBag.obs)
305  IfxOnAbortInstall                                  ifx.obl(EventsPriv.obs)
306  IfxOnAppSearch                                     ifx.obl(EventsPriv.obs)
307  IfxOnCCPSearch                                     ifx.obl(EventsPriv.obs)
308  IfxOnCanceling                                     ifx.obl(EventsPriv.obs)
309  IfxOnDisk1Installed                                ifx.obl(EventsSetupPriv.obs)
310  IfxOnDisk1Installing                               ifx.obl(EventsSetupPriv.obs)
311  IfxOnExitInstall                                   ifx.obl(EventsSetupPriv.obs)
312  IfxOnFileError                                     ifx.obl(EventsSetupPriv.obs)
313  IfxOnFileLocked                                    ifx.obl(EventsSetupPriv.obs)
314  IfxOnFileReadOnly                                  ifx.obl(EventsSetupPriv.obs)
315  IfxOnGeneralScriptOp                               ifx.obl(EventsPriv.obs)
316  IfxOnHelp                                          ifx.obl(EventsPriv.obs)
317  IfxOnInitInstall                                   ifx.obl(EventsSetupPriv.obs)
318  IfxOnInternetError                                 ifx.obl(EventsSetupPriv.obs)
319  IfxOnMD5Error                                      ifx.obl(EventsSetupPriv.obs)
320  IfxOnNextDisk                                      ifx.obl(EventsSetupPriv.obs)
321  IfxOnRebooted                                      ifx.obl(EventsPriv.obs)
322  IfxOnRemovingSharedFile                            ifx.obl(EventsSetupPriv.obs)
323  IfxOnShowWizardPages                               ifx.obl(EventsSetupPriv.obs)
324  IfxOnTransferred                                   ifx.obl(EventsPriv.obs)
325  IfxOnTransferring                                  ifx.obl(EventsSetupPriv.obs)
326  IfxOnUnhandledException                            ifx.obl(EventsPriv.obs)
327  IfxOnUninst                                        ifx.obl(EventsSetupPriv.obs)
328  IfxOnUninstPriv                                    ifx.obl(EventsSetupPriv.obs)
329  IfxPostprogram                                     ifx.obl(EventsSetupPriv.obs)
330  IfxPreprogram                                      ifx.obl(EventsSetupPriv.obs)
331  IfxReadProperties                                  ifx.obl(PersistPropertyBag.obs)
332  IfxRunAfterReboot                                  ifx.obl(EventsSetupPriv.obs)
333  IfxWriteProperties                                 ifx.obl(PersistPropertyBag.obs)
334  InetEndofTransfer                                  isrt.obl(iftw.obs)
335  InetNextDisk                                       isrt.obl(iftw.obs)
336  InitInstall                                        isrt.obl(Driver.obs)
337  InitProperties                                     ifx.obl(PersistPropertyBag.obs)
338  Is                                                 isrt.obl(Is.obs)
339  IsInetInstall                                      isrt.obl(iftw.obs)
340  KERNEL.GetModuleHandle                             Setup.obs
341  KERNEL32.CloseHandle                               Setup.obs
342  KERNEL32.CreateFileW                               Setup.obs
343  KERNEL32.DeleteFileW                               Setup.obs
344  KERNEL32.FindClose                                 Setup.obs
345  KERNEL32.FindFirstFileW                            Setup.obs
346  KERNEL32.FindNextFileW                             Setup.obs
347  KERNEL32.FormatMessageW                            Setup.obs
348  KERNEL32.FreeLibrary                               Setup.obs
349  KERNEL32.GetCurrentDirectoryW                      Setup.obs
350  KERNEL32.GetDriveType                              Setup.obs
351  KERNEL32.GetFileAttributesW                        Setup.obs
352  KERNEL32.GetLocalTime                              Setup.obs
353  KERNEL32.GetLocaleInfo                             Setup.obs
354  KERNEL32.GetPrivateProfileString                   Setup.obs
355  KERNEL32.GetPrivateProfileStringW                  Setup.obs
356  KERNEL32.GetProcAddress                            Setup.obs
357  KERNEL32.GetProfileStringW                         Setup.obs
358  KERNEL32.GetSystemDefaultLCID                      Setup.obs
359  KERNEL32.GetSystemDefaultLangID                    Setup.obs
360  KERNEL32.GetSystemDefaultUILanguage                Setup.obs
361  KERNEL32.GetTickCount                              Setup.obs
362  KERNEL32.GetUserDefaultLangID                      Setup.obs
363  KERNEL32.GetVersion                                Setup.obs
364  KERNEL32.GetVersionEx                              Setup.obs
365  KERNEL32.GetVolumeInformation                      Setup.obs
366  KERNEL32.GetWindowsDirectory                       Setup.obs
367  KERNEL32.LoadLibraryW                              Setup.obs
368  KERNEL32.SetCurrentDirectoryW                      Setup.obs
369  KERNEL32.SetFileAttributesW                        Setup.obs
370  KERNEL32.Sleep                                     Setup.obs
371  KERNEL32.WritePrivateProfileString                 Setup.obs
372  KERNEL32.WritePrivateProfileStringW                Setup.obs
373  KERNEL32.WriteProfileStringW                       Setup.obs
374  KERNEL32.lstrlenW                                  Setup.obs
375  LOWORD                                             isrt.obl(Misc.obs)
376  LaunchAppAndWaitInitStartupInfo                    isrt.obl(Extend.obs)
377  LaunchApplicationInit                              isrt.obl(Extend.obs)
378  ListAddItem                                        isrt.obl(scrlist.obs)
379  ListAddString                                      isrt.obl(scrlist.obs)
380  ListCount                                          isrt.obl(scrlist.obs)
381  ListCreate                                         isrt.obl(scrlist.obs)
382  ListCurrentString                                  isrt.obl(scrlist.obs)
383  ListDeleteItem                                     isrt.obl(scrlist.obs)
384  ListDeleteString                                   isrt.obl(scrlist.obs)
385  ListDestroy                                        isrt.obl(scrlist.obs)
386  ListFindString                                     isrt.obl(scrlist.obs)
387  ListGetFirstItem                                   isrt.obl(scrlist.obs)
388  ListGetFirstString                                 isrt.obl(scrlist.obs)
389  ListGetNextItem                                    isrt.obl(scrlist.obs)
390  ListGetNextString                                  isrt.obl(scrlist.obs)
391  ListGetType                                        isrt.obl(scrlist.obs)
392  ListSetIndex                                       isrt.obl(scrlist.obs)
393  ListValid                                          isrt.obl(scrlist.obs)
394  ListValidType                                      isrt.obl(scrlist.obs)
395  LoadStringFromStringTable                          isrt.obl(Str.obs)
396  LogReadCustomString                                isrt.obl(Misc.obs)
397  LogReadCustomVariant                               isrt.obl(Misc.obs)
398  LogWriteCustomString                               isrt.obl(Misc.obs)
399  LogWriteCustomVariant                              isrt.obl(Misc.obs)
400  LongPathToQuote                                    isrt.obl(Str.obs)
401  MAKELONG                                           isrt.obl(Misc.obs)
402  MIFCreateMIFFile                                   isrt.obl(MIF.obs)
403  MIFDeleteMIFFile                                   isrt.obl(MIF.obs)
404  MIFInitialize                                      isrt.obl(MIF.obs)
405  MIFSetInformation                                  isrt.obl(MIF.obs)
406  MIFUnInitialize                                    isrt.obl(MIF.obs)
407  MIFWasSetInformationCalled                         isrt.obl(MIF.obs)
408  MIOShutdown                                        isrt.obl(MIO.obs)
409  MIOStartup                                         isrt.obl(MIO.obs)
410  MaintenanceStart                                   isrt.obl(Registry.obs)
411  MediaGetData                                       isrt.obl(Feature.obs)
412  MediaGetDataEx                                     isrt.obl(Feature.obs)
413  MessageBeep                                        isrt.obl(Misc.obs)
414  MessageBox                                         isrt.obl(ISRTScriptDialogsPriv.obs)
415  MessageBoxEx                                       isrt.obl(ISRTScriptDialogsPriv.obs)
416  OnAbort                                            ifx.obl(EventsSetup.obs)
417  OnAppSearch                                        ifx.obl(EventsSetup.obs)
418  OnBegin                                            ifx.obl(EventsSetup.obs)
419  OnCCPSearch                                        ifx.obl(EventsSetup.obs)
420  OnCanceling                                        ifx.obl(EventsSetup.obs)
421  OnCheckMediaPassword                               ifx.obl(EventsSetup.obs)
422  OnComponentError                                   ifx.obl(EventsSetup.obs)
423  OnCustomizeUninstInfo                              ifx.obl(EventsSetup.obs)
424  OnDIFxLogCallback                                  ifx.obl(EventsSetup.obs)
425  OnDIFxLogCallbackImpl                              isrt.obl(ISDIFx.obs)
426  OnEnd                                              ifx.obl(EventsSetup.obs)
427  OnFileError                                        ifx.obl(EventsSetup.obs)
428  OnFileLocked                                       ifx.obl(EventsSetup.obs)
429  OnFileReadOnly                                     ifx.obl(EventsSetup.obs)
430  OnFilterComponents                                 ifx.obl(EventsSetup.obs)
431  OnFirstUIAfter                                     ifx.obl(EventsSetup.obs)
432  OnFirstUIBefore                                    Setup.obs
433  OnHelp                                             ifx.obl(EventsSetup.obs)
434  OnIISAppPoolUninstalling                           ifx.obl(EventsPriv.obs)
435  OnIISCheckRequirements                             ifx.obl(EventsPriv.obs)
436  OnIISComponentInstalled                            ifx.obl(EventsPriv.obs)
437  OnIISInitialize                                    ifx.obl(EventsPriv.obs)
438  OnIISUninitialize                                  ifx.obl(EventsPriv.obs)
439  OnIISVRootUninstalling                             ifx.obl(EventsPriv.obs)
440  OnIISWebServiceExtensionUninstalling               ifx.obl(EventsPriv.obs)
441  OnIISWebSiteUninstalling                           ifx.obl(EventsPriv.obs)
442  OnInstallDRMService                                isrt.obl(Activation.obs)
443  OnInstalledFile                                    ifx.obl(EventsSetup.obs)
444  OnInstalledFontFile                                ifx.obl(EventsSetup.obs)
445  OnInstallingFile                                   ifx.obl(EventsSetup.obs)
446  OnInternetError                                    ifx.obl(EventsSetup.obs)
447  OnLaunchAppAndWaitCallback                         ifx.obl(EventsSetup.obs)
448  OnMD5Error                                         ifx.obl(EventsSetup.obs)
449  OnMaintUIAfter                                     ifx.obl(EventsSetup.obs)
450  OnMaintUIBefore                                    ifx.obl(EventsSetup.obs)
451  OnMoveData                                         ifx.obl(EventsSetup.obs)
452  OnMoved                                            ifx.obl(EventsSetup.obs)
453  OnMoving                                           ifx.obl(EventsSetup.obs)
454  OnNetApiCreateUserAccount                          ifx.obl(EventsSetup.obs)
455  OnNetApiCreateUserAccountInternal                  isrt.obl(NetApiRT.obs)
456  OnNextDisk                                         ifx.obl(EventsSetup.obs)
457  OnRebooted                                         ifx.obl(EventsSetup.obs)
458  OnRemovingSharedFile                               ifx.obl(EventsSetup.obs)
459  OnSQLBatchScripts                                  ifx.obl(EventsPriv.obs)
460  OnSQLComponentInstalled                            ifx.obl(EventsPriv.obs)
461  OnSQLComponentUninstalled                          ifx.obl(EventsPriv.obs)
462  OnSQLServerInitialize                              ifx.obl(EventsPriv.obs)
463  OnSQLServerInitializeMaint                         ifx.obl(EventsPriv.obs)
464  OnSelfRegistrationError                            ifx.obl(EventsSetup.obs)
465  OnSetTARGETDIR                                     ifx.obl(EventsSetup.obs)
466  OnSetUpdateMode                                    ifx.obl(EventsSetup.obs)
467  OnShowUI                                           ifx.obl(EventsSetup.obs)
468  OnSuiteInstallAfter                                ifx.obl(EventsSetup.obs)
469  OnSuiteInstallBefore                               ifx.obl(EventsSetup.obs)
470  OnSuiteMaintAfter                                  ifx.obl(EventsSetup.obs)
471  OnSuiteMaintBefore                                 ifx.obl(EventsSetup.obs)
472  OnSuiteShowUI                                      ifx.obl(EventsSetup.obs)
473  OnSuiteUpdateAfter                                 ifx.obl(EventsSetup.obs)
474  OnSuiteUpdateBefore                                ifx.obl(EventsSetup.obs)
475  OnUnInstallDRMService                              isrt.obl(Activation.obs)
476  OnUnhandledException                               ifx.obl(EventsPriv.obs)
477  OnUninstall                                        ifx.obl(EventsSetup.obs)
478  OnUninstalledFile                                  ifx.obl(EventsSetup.obs)
479  OnUninstallingDIFxDriverFile                       ifx.obl(EventsSetup.obs)
480  OnUninstallingFile                                 ifx.obl(EventsSetup.obs)
481  OnUninstallingFontFile                             ifx.obl(EventsSetup.obs)
482  OnUpdateUIAfter                                    ifx.obl(EventsSetup.obs)
483  OnUpdateUIBefore                                   ifx.obl(EventsSetup.obs)
484  OnXMLComponentInstalled                            ifx.obl(EventsPriv.obs)
485  OnXMLComponentUninstalling                         ifx.obl(EventsPriv.obs)
486  OnXMLInitialize                                    ifx.obl(EventsPriv.obs)
487  OnXMLUninitialize                                  ifx.obl(EventsPriv.obs)
488  OpenFileMode                                       isrt.obl(Files.obs)
489  ParsePath                                          isrt.obl(Str.obs)
490  Postprogram                                        ifx.obl(EventsSetupPriv.obs)
491  Preprogram                                         ifx.obl(EventsSetupPriv.obs)
492  PthFixPath                                         isrt.obl(Pth.obs)
493  PthIsAbsPath                                       isrt.obl(Pth.obs)
494  ReadProperties                                     ifx.obl(PersistPropertyBag.obs)
495  Rebooted                                           isrt.obl(Driver.obs)
496  RegDBDeleteItem                                    isrt.obl(Registry.obs)
497  RegDBDeleteValue                                   isrt.obl(Registry.obs)
498  RegDBDeleteValueEx                                 isrt.obl(Registry.obs)
499  RegDBDeleteValueEx32                               isrt.obl(Registry.obs)
500  RegDBGetItem                                       isrt.obl(Registry.obs)
501  RegDBGetKeyValueEx                                 isrt.obl(Registry.obs)
502  RegDBQueryValue                                    isrt.obl(Registry.obs)
503  RegDBQueryValue32                                  isrt.obl(Registry.obs)
504  RegDBSetItem                                       isrt.obl(Registry.obs)
505  RegDBSetKeyValueEx                                 isrt.obl(Registry.obs)
506  RegDBSetValue                                      isrt.obl(Registry.obs)
507  RegDBSetValue32                                    isrt.obl(Registry.obs)
508  RegDBSetVersion                                    isrt.obl(Registry.obs)
509  RegisterFontResource                               isrt.obl(Misc.obs)
510  ReleaseDialog                                      isrt.obl(CustomDialog.obs)
511  SdCloseDlg                                         isrt.obl(SDINT.obs)
512  SdComponentDlgCheckSpace                           isrt.obl(SDINT.obs)
513  SdDlgToTop                                         isrt.obl(SDINT.obs)
514  SdDoStdButton                                      isrt.obl(SDINT.obs)
515  SdEnablement                                       isrt.obl(SDINT.obs)
516  SdError                                            isrt.obl(SDINT.obs)
517  SdExceptionsInit                                   isrt.obl(ISRTScriptDialogsPriv.obs)
518  SdFeatureTree                                      isrt.obl(ISRTScriptDialogs.obs)
519  SdFinish                                           isrt.obl(ISRTScriptDialogs.obs)
520  SdFinishReboot                                     isrt.obl(ISRTScriptDialogs.obs)
521  SdGeneralInit                                      isrt.obl(SDINT.obs)
522  SdInit                                             isrt.obl(SDINT.obs)
523  SdIsStdButton                                      isrt.obl(SDINT.obs)
524  SdLoadString                                       isrt.obl(SDINT.obs)
525  SdMakeName                                         isrt.obl(SDINT.obs)
526  SdPlugInProductName                                isrt.obl(SDINT.obs)
527  SdSetDlgTitle                                      isrt.obl(SDINT.obs)
528  SdSetStatic                                        isrt.obl(SDINT.obs)
529  SdShowMsg                                          isrt.obl(ISRTScriptDialogsPriv.obs)
530  SdStartCopy2                                       isrt.obl(ISRTScriptDialogs.obs)
531  SdSubstituteProductInfo                            isrt.obl(SDINT.obs)
532  SdUnInit                                           isrt.obl(SDINT.obs)
533  SdWelcome                                          isrt.obl(ISRTScriptDialogs.obs)
534  SdWelcomeMaint                                     isrt.obl(ISRTScriptDialogs.obs)
535  SelectDir                                          isrt.obl(ISRTScriptDialogsPriv.obs)
536  SelectDirNoLog                                     isrt.obl(ISRTScriptDialogsPriv.obs)
537  SendMessage                                        isrt.obl(Misc.obs)
538  ServiceInitParams                                  isrt.obl(Service.obs)
539  SetCmdLine                                         isrt.obl(SysVars.obs)
540  SetDialogTitle                                     isrt.obl(Dialogs.obs)
541  SetDisplayEffect                                   isrt.obl(ui.obs)
542  SetExtendedErrInfo                                 isrt.obl(IsUtil.obs)
543  SetStatus                                          ifx.obl(EventsSetupPriv.obs)
544  SetStatusEx                                        ifx.obl(EventsSetupPriv.obs)
545  SetStatusExStaticText                              isrt.obl(ui.obs)
546  SetStatusWindow                                    isrt.obl(ui.obs)
547  SetTitle                                           isrt.obl(ui.obs)
548  SetupTraceWrite                                    isrt.obl(Misc.obs)
549  ShowObjWizardPages                                 isrt.obl(Objects.obs)
550  ShowWizardPages                                    isrt.obl(Driver.obs)
551  SilentCreateFile                                   isrt.obl(Silent.obs)
552  SilentDoGeneralInfo                                isrt.obl(Silent.obs)
553  SilentFailed                                       isrt.obl(Silent.obs)
554  SilentFinish                                       isrt.obl(Silent.obs)
555  SilentInit                                         isrt.obl(Silent.obs)
556  SilentLogWriteData                                 isrt.obl(Silent.obs)
557  SilentReadData                                     isrt.obl(Silent.obs)
558  SilentSetInfo                                      isrt.obl(Silent.obs)
559  SilentSetMode                                      isrt.obl(Silent.obs)
560  SilentWriteData                                    isrt.obl(Silent.obs)
561  Sprintf                                            isrt.obl(Str.obs)
562  SprintfBox                                         isrt.obl(ISRTScriptDialogsPriv.obs)
563  StatusUpdate                                       isrt.obl(ui.obs)
564  StrAddLastSlash                                    isrt.obl(Str.obs)
565  StrConvertSizeUnit                                 isrt.obl(Str.obs)
566  StrFindEx                                          isrt.obl(Str.obs)
567  StrGetTokens                                       isrt.obl(Str.obs)
568  StrLength                                          isrt.obl(Str.obs)
569  StrRemoveLastSlash                                 isrt.obl(Str.obs)
570  StrReplace                                         isrt.obl(Str.obs)
571  StrToNumHex                                        isrt.obl(Str.obs)
572  StrToUpper                                         isrt.obl(Str.obs)
573  StrTrim                                            isrt.obl(Str.obs)
574  SuiteLogInfo                                       isrt.obl(SuiteWrappers.obs)
575  SuiteReportError                                   isrt.obl(SuiteWrappers.obs)
576  SysVarsInit                                        isrt.obl(SysVars.obs)
577  SysVarsTrace                                       isrt.obl(SysVars.obs)
578  SysVarsUnInit                                      isrt.obl(SysVars.obs)
579  System                                             isrt.obl(Misc.obs)
580  SystemRestoreCancelRestorePointIS                  isrt.obl(PCRestore.obs)
581  SystemRestoreCloseRestorePointIS                   isrt.obl(PCRestore.obs)
582  SystemRestoreDisableIS                             isrt.obl(PCRestore.obs)
583  SystemRestoreIsEnabledIS                           isrt.obl(PCRestore.obs)
584  SystemRestoreOpenRestorePointIS                    isrt.obl(PCRestore.obs)
585  TextSubGetValue                                    isrt.obl(TextSub.obs)
586  TextSubParseTextSub                                isrt.obl(TextSub.obs)
587  TextSubSetValue                                    isrt.obl(TextSub.obs)
588  TextSubSubstitute                                  isrt.obl(TextSub.obs)
589  TreeViewCreate                                     isrt.obl(CmptView.obs)
590  USER.EnableWindow                                  Setup.obs
591  USER.GetClassName                                  Setup.obs
592  USER.GetDC                                         Setup.obs
593  USER.GetDlgItem                                    Setup.obs
594  USER.GetFocus                                      Setup.obs
595  USER.GetWindowLong                                 Setup.obs
596  USER.GetWindowRect                                 Setup.obs
597  USER.IsIconic                                      Setup.obs
598  USER.IsWindow                                      Setup.obs
599  USER.PostMessage                                   Setup.obs
600  USER.ReleaseDC                                     Setup.obs
601  USER.SendMessageW                                  Setup.obs
602  USER.SetFocus                                      Setup.obs
603  USER.SetWindowPos                                  Setup.obs
604  USER.SetWindowText                                 Setup.obs
605  USER.ShowWindow                                    Setup.obs
606  USER32.CharUpperBuffW                              Setup.obs
607  USER32.DispatchMessage                             Setup.obs
608  USER32.GetDesktopWindow                            Setup.obs
609  USER32.GetSystemMetrics                            Setup.obs
610  USER32.GetWindowText                               Setup.obs
611  USER32.GetWindowTextLength                         Setup.obs
612  USER32.IsWindowVisible                             Setup.obs
613  USER32.MessageBoxW                                 Setup.obs
614  USER32.PeekMessageW                                Setup.obs
615  USER32.SendMessageW                                Setup.obs
616  USER32.SetForegroundWindow                         Setup.obs
617  USER32.SetWindowLong                               Setup.obs
618  USER32.SetWindowRgn                                Setup.obs
619  USER32.TranslateMessage                            Setup.obs
620  UpdateServiceEnableUpdateService                   isrt.obl(ISUpdateService.obs)
621  VarInit                                            isrt.obl(SysVars.obs)
622  VarRestore                                         isrt.obl(SysVars.obs)
623  VarRestoreISRT                                     isrt.obl(SysVars.obs)
624  VarSave                                            isrt.obl(SysVars.obs)
625  VarSaveISRT                                        isrt.obl(SysVars.obs)
626  VerCompare                                         isrt.obl(version.obs)
627  VerProductCompareVersions                          isrt.obl(version.obs)
628  VerProductGetInstalledVersion                      isrt.obl(version.obs)
629  VerProductIsVersionSupported                       isrt.obl(version.obs)
630  VerProductNumToStr                                 isrt.obl(version.obs)
631  VerProductStrToNum                                 isrt.obl(version.obs)
632  VerProductVerFromVerParts                          isrt.obl(version.obs)
633  VerProductVerPartsFromVer                          isrt.obl(version.obs)
634  WaitOnDialog                                       isrt.obl(CustomDialog.obs)
635  WizardDirection                                    ifx.obl(EventsSetupPriv.obs)
636  WriteLine                                          isrt.obl(Files.obs)
637  WriteProfInt                                       isrt.obl(Profile.obs)
638  WriteProfString                                    isrt.obl(Profile.obs)
639  WriteProperties                                    ifx.obl(PersistPropertyBag.obs)
640  __ISRTDoExit                                       isrt.obl(Misc.obs)
641  __ISRTInit                                         isrt.obl(ISRTInit.obs)
642  __ISRTRestoreMainLog                               isrt.obl(ISRTInit.obs)
643  __ISRTRestoreMainLogEx                             isrt.obl(ISRTInit.obs)
644  __ISRTSetComponentLog                              isrt.obl(ISRTInit.obs)
645  __ISRTUnInit                                       isrt.obl(ISRTInit.obs)
646  __LoadIScriptString                                isrt.obl(LoadStr.obs)
647  program                                            ifx.obl(EventsSetupPriv.obs)
648  sfc.SRSetRestorePointW                             Setup.obs


***** External Variables *****
1    ADDREMOVE                                          isrt.obl(DebugSymbols.obs)
2    ADDREMOVE_COMBINEDBUTTON                           Setup.obs
3    ADDREMOVE_HIDECHANGEOPTION                         Setup.obs
4    ADDREMOVE_HIDEREMOVEOPTION                         Setup.obs
5    ADDREMOVE_HIDEREPAIROPTION                         Setup.obs
6    ADDREMOVE_STRING_REMOVEONLY                        Setup.obs
7    ADDREMOVE_SYSTEMCOMPONENT                          Setup.obs
8    ADMINUSER                                          Setup.obs
9    ALLUSERS                                           Setup.obs
10   BASICMSI                                           isrt.obl(DebugSymbols.obs)
11   BATCH_INSTALL                                      Setup.obs
12   CMDLINE                                            isrt.obl(DebugSymbols.obs)
13   COMMONFILES                                        isrt.obl(DebugSymbols.obs)
14   COMMONFILES64                                      isrt.obl(DebugSymbols.obs)
15   DISABLE_ALLUSERBTN                                 Setup.obs
16   DISABLE_PERUSERBTN                                 Setup.obs
17   DISK1SETUPEXENAME                                  isrt.obl(DebugSymbols.obs)
18   DISK1TARGET                                        Setup.obs
19   ENABLED_ISERVICES                                  isrt.obl(DebugSymbols.obs)
20   ENGINECOMMONDIR                                    isrt.obl(DebugSymbols.obs)
21   ENGINEDIR                                          isrt.obl(DebugSymbols.obs)
22   ERRORFILENAME                                      Setup.obs
23   Err                                                Setup.obs
24   FILETIME                                           Setup.obs
25   FIND_DATAW                                         Setup.obs
26   FOLDER_APPDATA                                     isrt.obl(DebugSymbols.obs)
27   FOLDER_COMMON_APPDATA                              isrt.obl(DebugSymbols.obs)
28   FOLDER_DESKTOP                                     isrt.obl(DebugSymbols.obs)
29   FOLDER_DOTNET_10                                   isrt.obl(DebugSymbols.obs)
30   FOLDER_DOTNET_11                                   isrt.obl(DebugSymbols.obs)
31   FOLDER_DOTNET_20                                   isrt.obl(DebugSymbols.obs)
32   FOLDER_DOTNET_30                                   isrt.obl(DebugSymbols.obs)
33   FOLDER_DOTNET_35                                   isrt.obl(DebugSymbols.obs)
34   FOLDER_DOTNET_40                                   isrt.obl(DebugSymbols.obs)
35   FOLDER_FONTS                                       isrt.obl(DebugSymbols.obs)
36   FOLDER_LOCAL_APPDATA                               isrt.obl(DebugSymbols.obs)
37   FOLDER_PERSONAL                                    isrt.obl(DebugSymbols.obs)
38   FOLDER_PROGRAMS                                    isrt.obl(DebugSymbols.obs)
39   FOLDER_STARTMENU                                   isrt.obl(DebugSymbols.obs)
40   FOLDER_STARTUP                                     isrt.obl(DebugSymbols.obs)
41   FOLDER_TEMP                                        isrt.obl(DebugSymbols.obs)
42   FileRegistrar                                      Setup.obs
43   HIDE_DISABLED_BTNS                                 Setup.obs
44   HKEYCURRENTROOTKEY                                 Setup.obs
45   IFX_COMPANY_NAME                                   Setup.obs
46   IFX_DISK1INSTALLED                                 Setup.obs
47   IFX_INITIALIZED                                    Setup.obs
48   IFX_INSTALLED_DISPLAY_VERSION                      Setup.obs
49   IFX_INSTALLED_VERSION                              Setup.obs
50   IFX_KEYPATH_PRODUCT_INFO                           Setup.obs
51   IFX_MULTI_INSTANCE_SUFFIX                          Setup.obs
52   IFX_OPEN_RESTORE_POINT                             isrt.obl(PCRestore.obs)
53   IFX_PRODUCT_COMMENTS                               Setup.obs
54   IFX_PRODUCT_DISPLAY_NAME                           Setup.obs
55   IFX_PRODUCT_DISPLAY_VERSION                        Setup.obs
56   IFX_PRODUCT_ICON                                   Setup.obs
57   IFX_PRODUCT_KEY                                    Setup.obs
58   IFX_PRODUCT_NAME                                   Setup.obs
59   IFX_PRODUCT_README                                 Setup.obs
60   IFX_PRODUCT_REGISTEREDCOMPANY                      Setup.obs
61   IFX_PRODUCT_REGISTEREDOWNER                        Setup.obs
62   IFX_PRODUCT_REGISTEREDSERIALNUM                    Setup.obs
63   IFX_PRODUCT_SUPPORT_CONTACT                        Setup.obs
64   IFX_PRODUCT_SUPPORT_PHONE                          Setup.obs
65   IFX_PRODUCT_SUPPORT_URL                            Setup.obs
66   IFX_PRODUCT_UPDATE_URL                             Setup.obs
67   IFX_PRODUCT_URL                                    Setup.obs
68   IFX_PRODUCT_VERSION                                Setup.obs
69   IFX_RESTORE_DISABLED                               isrt.obl(PCRestore.obs)
70   IFX_SETUP_TITLE                                    Setup.obs
71   IFX_SUPPORTED_VERSIONS                             Setup.obs
72   IISROOTFOLDER                                      isrt.obl(DebugSymbols.obs)
73   INSTALLSCRIPTMSI                                   isrt.obl(DebugSymbols.obs)
74   INSTALLSCRIPTMSIEEUI                               isrt.obl(DebugSymbols.obs)
75   INSTANCE_GUID                                      isrt.obl(DebugSymbols.obs)
76   ISDIFXAPPID                                        Setup.obs
77   ISRES                                              isrt.obl(DebugSymbols.obs)
78   ISUSER                                             isrt.obl(DebugSymbols.obs)
79   ISUTIL_FUNCTION_ACTUAL_ERROR                       Setup.obs
80   ISUTIL_LINE_NUMBER                                 Setup.obs
81   ISUTIL_SCRIPT_FILE                                 Setup.obs
82   ISVERSION                                          isrt.obl(DebugSymbols.obs)
83   IS_NULLSTR_PTR                                     Setup.obs
84   InetSRCDIR                                         Setup.obs
85   LAAW_PARAMETERS                                    Setup.obs
86   LAAW_SHELLEXECUTEINFO                              Setup.obs
87   LAAW_SHELLEXECUTEVERB                              Setup.obs
88   LAAW_STARTUPINFO                                   Setup.obs
89   LAST_RESULT                                        Setup.obs
90   LogDB                                              Setup.obs
91   MAINTENANCE                                        isrt.obl(DebugSymbols.obs)
92   MAINT_OPTION                                       isrt.obl(DebugSymbols.obs)
93   MEDIA                                              Setup.obs
94   MEDIA_INFO                                         isrt.obl(Feature.obs)
95   MODE                                               Setup.obs
96   MSG                                                Setup.obs
97   MULTI_INSTANCE_COUNT                               isrt.obl(DebugSymbols.obs)
98   MainWindow                                         Setup.obs
99   NOTHING                                            Setup.obs
100  OSINFO_PLATFORM_INFO                               Setup.obs
101  OSINFO_PROCESSOR_INFO                              Setup.obs
102  OSVERSIONINFOEXW                                   Setup.obs
103  OSVERSIONINFOW                                     Setup.obs
104  Objects                                            Setup.obs
105  PACKAGE_LOCATION                                   isrt.obl(DebugSymbols.obs)
106  POINT                                              Setup.obs
107  PRIVILEGED                                         Setup.obs
108  PRODUCT_GUID                                       isrt.obl(DebugSymbols.obs)
109  PROGRAMFILES                                       isrt.obl(DebugSymbols.obs)
110  PROGRAMFILES64                                     isrt.obl(DebugSymbols.obs)
111  RECT                                               Setup.obs
112  REGDB_OPTIONS                                      Setup.obs
113  REINSTALLMODE                                      isrt.obl(DebugSymbols.obs)
114  REMOVEALLMODE                                      isrt.obl(DebugSymbols.obs)
115  REMOVEONLY                                         isrt.obl(DebugSymbols.obs)
116  RUN_ONCE_PROGRAM                                   isrt.obl(DebugSymbols.obs)
117  Reboot                                             Setup.obs
118  SELECTED_LANGUAGE                                  isrt.obl(DebugSymbols.obs)
119  SERVICE_IS_PARAMS                                  Setup.obs
120  SETUPTYPE_STR_COMPACT                              Setup.obs
121  SETUPTYPE_STR_COMPLETE                             Setup.obs
122  SETUPTYPE_STR_CUSTOM                               Setup.obs
123  SETUPTYPE_STR_TYPICAL                              Setup.obs
124  SHAREDSUPPORTDIR                                   isrt.obl(DebugSymbols.obs)
125  SHELLEXECUTEINFOW                                  Setup.obs
126  SHELL_OBJECT_FOLDER                                Setup.obs
127  SHOW_PASSWORD_DIALOG                               isrt.obl(DebugSymbols.obs)
128  SRCDIR                                             Setup.obs
129  SRCDISK                                            isrt.obl(DebugSymbols.obs)
130  STANDARD_SELECTED_LANGUAGE                         isrt.obl(DebugSymbols.obs)
131  STARTUPINFOW                                       Setup.obs
132  SUITE_HOSTED                                       isrt.obl(DebugSymbols.obs)
133  SUPPORTDIR                                         isrt.obl(DebugSymbols.obs)
134  SYSINFO                                            Setup.obs
135  SYSPROCESSORINFO                                   Setup.obs
136  SYSTEMTIME                                         Setup.obs
137  SetupInfo                                          Setup.obs
138  StatusDlg                                          Setup.obs
139  SuiteHost                                          Setup.obs
140  TARGETDIR                                          Setup.obs
141  TARGETDISK                                         isrt.obl(DebugSymbols.obs)
142  TextSub                                            Setup.obs
143  UNINST                                             Setup.obs
144  UNINSTALLKEY                                       Setup.obs
145  UNINSTALL_DISPLAYNAME                              Setup.obs
146  UNINSTALL_STRING                                   Setup.obs
147  UPDATEMODE                                         Setup.obs
148  WINDIR                                             isrt.obl(DebugSymbols.obs)
149  WINDISK                                            isrt.obl(DebugSymbols.obs)
150  WINSYSDIR                                          isrt.obl(DebugSymbols.obs)
151  WINSYSDIR64                                        isrt.obl(DebugSymbols.obs)
152  WINSYSDISK                                         isrt.obl(DebugSymbols.obs)
153  _FONTFILEINFO                                      Setup.obs
154  _INT64                                             Setup.obs
155  _ISDIFXINSTALLERINFO                               isrt.obl(ISDIFx.obs)
156  _LAAW_PARAMETERS                                   Setup.obs
157  _RESTOREPOINTINFO                                  Setup.obs
158  _SERVICE_IS_PARAMS                                 Setup.obs
159  _STATEMGRSTATUS                                    Setup.obs
160  _WIN9X                                             Setup.obs
161  _WINNT                                             Setup.obs
162  __hContext                                         Setup.obs
163  __objGlobalTextSub                                 Setup.obs
164  __szGUID                                           Setup.obs
165  bBackButton                                        Setup.obs
166  bCancelButton                                      Setup.obs
167  bEnterDiskBeep                                     Setup.obs
168  bFinishButton                                      Setup.obs
169  bIFXLFNoToAll                                      Setup.obs
170  bIFXLFOnRebootToAll                                Setup.obs
171  bIFXLFYesToAll                                     Setup.obs
172  bIFXMD5IgnoreToAll                                 Setup.obs
173  bIFXRONoToAll                                      Setup.obs
174  bIFXROYesToAll                                     Setup.obs
175  bIFXSFNoToAll                                      Setup.obs
176  bIFXSFYesToAll                                     Setup.obs
177  bInstall16                                         Setup.obs
178  bNextButton                                        Setup.obs
179  bSdInit                                            Setup.obs
180  bViewCmptKunits                                    Setup.obs
181  bViewCmptUseDecimal                                Setup.obs
182  g_bSuppressMissingStringWarning                    isrt.obl(Enable.obs)
183  nDlgEnterPassword                                  Setup.obs
184  nDlgMessageBox                                     Setup.obs
185  nDlgSelectDir                                      Setup.obs
186  nDlgSprintfBox                                     Setup.obs
187  nSdComponentTree                                   Setup.obs
188  nSdFinish                                          Setup.obs
189  nSdFinishReboot                                    Setup.obs
190  nSdStartCopy2                                      Setup.obs
191  nSdWelcome                                         Setup.obs
192  nSdWelcomeMaint                                    Setup.obs
193  szAppKey                                           Setup.obs
194  szSdProduct                                        Setup.obs
195  szSdStr_NotEnoughSpace                             Setup.obs
